[BEGIN GLOBALS]
ant
bailey
brenda
q
str_1 "asdf"
str_0 "qwop"
[END GLOBALS]
[BEGIN fn LOCALS]
z (formal arg of 8)
[END fn LOCALS]
fun_fn:     enter fn
            getarg 1 [z]
lbl_0:      leave fn
[BEGIN main LOCALS]
c (formal arg of 8)
a (local var of 8 bytes)
b (local var of 8 bytes)
e (local var of 1 bytes)
d (local var of 1 bytes)
tmp0 (tmp var of 8 bytes)
tmp1 (tmp var of 8 bytes)
tmp2 (tmp var of 1 bytes)
tmp3 (tmp var of 1 bytes)
[END main LOCALS]
main:       enter main
            getarg 1 [c]
            [a] := 543653
            [b] := 25532
            [tmp0] := [a] DIV64 [b]
            [a] := [tmp0]
            [tmp1] := [a] ADD64 [b]
            [a] := [tmp1]
            [tmp2] := [e] MULT8 [d]
            [e] := [tmp2]
            [tmp3] := [e] SUB8 [d]
            [e] := [tmp3]
lbl_1:      leave main
[BEGIN master LOCALS]
b (local var of 1 bytes)
msg (local var of 0 bytes)
[END master LOCALS]
fun_master: enter master
            [b] := 1
            [ant] := 1000
            READ [ant]
            IFZ [b] GOTO lbl_3
lbl_3:      nop
            IFZ [b] GOTO lbl_4
            [ant] := 3000
            goto lbl_5
lbl_4:      nop
            [msg] := [str_0]
lbl_5:      nop
            setret [b]
            goto lbl_2
lbl_2:      leave master
[BEGIN see LOCALS]
barr (local var of 10 bytes)
biscut (local var of 50 bytes)
msg (local var of 0 bytes)
b (local var of 1 bytes)
c (local var of 1 bytes)
a (local var of 1 bytes)
d (local var of 1 bytes)
x (local var of 8 bytes)
y (local var of 8 bytes)
tmp2 (tmp var of 1 bytes)
tmp3 (tmp var of 1 bytes)
tmp4 (tmp var of 1 bytes)
tmp5 (tmp var of 1 bytes)
tmp6 (tmp var of 8 bytes)
tmp7 (tmp var of 1 bytes)
tmp8 (tmp var of 1 bytes)
tmp9 (tmp var of 8 bytes)
tmp10 (tmp var of 1 bytes)
tmp11 (tmp var of 8 bytes)
tmp12 (tmp var of 1 bytes)
tmp13 (tmp var of 8 bytes)
tmp14 (tmp var of 1 bytes)
tmp15 (tmp var of 8 bytes)
tmp16 (tmp var of 1 bytes)
tmp17 (tmp var of 8 bytes)
tmp18 (tmp var of 1 bytes)
tmp19 (tmp var of 8 bytes)
tmp20 (tmp var of 1 bytes)
tmp21 (tmp var of 8 bytes)
loc0 (tmp loc of 1 bytes)
loc1 (tmp loc of 1 bytes)
[END see LOCALS]
fun_see:    enter see
lbl_7:      nop
            IFZ [brenda] GOTO lbl_8
            [ant] := 500
            goto lbl_7
lbl_8:      nop
            loc0 := barr ADD64 5
            [loc0] := 1
            loc1 := biscut ADD64 10
            [loc1] := 50
            [msg] := [str_1]
            [b] := 1
            [c] := 1
            [a] := 10
            [d] := 20
            [x] := 1000
            [y] := 2000
            [tmp2] := [b] AND8 [c]
            IFZ [tmp2] GOTO lbl_9
lbl_9:      nop
            [tmp3] := [b] OR8 [c]
            IFZ [tmp3] GOTO lbl_10
lbl_10:     nop
            WRITE [msg]
            [tmp4] := [a] EQ8 [d]
            IFZ [tmp4] GOTO lbl_11
lbl_11:     nop
            [tmp5] := [b] EQ8 [c]
            IFZ [tmp5] GOTO lbl_12
lbl_12:     nop
            [tmp6] := [x] EQ64 [y]
            IFZ [tmp6] GOTO lbl_13
lbl_13:     nop
            WRITE [msg]
            [tmp7] := [a] NEQ8 [d]
            IFZ [tmp7] GOTO lbl_14
lbl_14:     nop
            [tmp8] := [b] NEQ8 [c]
            IFZ [tmp8] GOTO lbl_15
lbl_15:     nop
            [tmp9] := [x] NEQ64 [y]
            IFZ [tmp9] GOTO lbl_16
lbl_16:     nop
            WRITE [msg]
            [tmp10] := [a] GT8 [d]
            IFZ [tmp10] GOTO lbl_17
lbl_17:     nop
            [tmp11] := [x] GT64 [y]
            IFZ [tmp11] GOTO lbl_18
lbl_18:     nop
            WRITE [msg]
            [tmp12] := [a] GTE8 [d]
            IFZ [tmp12] GOTO lbl_19
lbl_19:     nop
            [tmp13] := [x] GTE64 [y]
            IFZ [tmp13] GOTO lbl_20
lbl_20:     nop
            WRITE [msg]
            [tmp14] := [a] LT8 [d]
            IFZ [tmp14] GOTO lbl_21
lbl_21:     nop
            [tmp15] := [x] LT64 [y]
            IFZ [tmp15] GOTO lbl_22
lbl_22:     nop
            WRITE [msg]
            [tmp16] := [a] GTE8 [d]
            IFZ [tmp16] GOTO lbl_23
lbl_23:     nop
            [tmp17] := [x] GTE64 [y]
            IFZ [tmp17] GOTO lbl_24
lbl_24:     nop
            WRITE [msg]
            [tmp18] := [a] LTE8 [d]
            IFZ [tmp18] GOTO lbl_25
lbl_25:     nop
            [tmp19] := [x] LTE64 [y]
            IFZ [tmp19] GOTO lbl_26
lbl_26:     nop
            WRITE [msg]
            [tmp20] := NOT8 [b]
            IFZ [tmp20] GOTO lbl_27
            [tmp21] := NEG64 4500
            [x] := [tmp21]
lbl_27:     nop
            WRITE [msg]
lbl_6:      leave see
